// Vitest Snapshot v1

exports[`BaseInput > should match snapshot UI testing 1`] = `""`;
